---------------------------
------ RUNNING TESTS ------
---------------------------


##### Avg #####

-- Empty --
-- passed : out of 1 checks, 0 failed. --

-- One --
-- passed : out of 1 checks, 0 failed. --

-- Many --
-- passed : out of 1 checks, 0 failed. --


---------------------------
---------- PASSED ---------
ran : 3
---------------------------
