---------------------------
------ RUNNING TESTS ------
---------------------------


##### SpecsConcat<factoryListConcat> #####

-- Many --
-- passed : out of 1 checks, 0 failed. --

-- Empty --
-- passed : out of 1 checks, 0 failed. --


##### SpecsConcat<factoryListConcat> #####

-- Many --
-- passed : out of 1 checks, 0 failed. --

-- Empty --
-- passed : out of 1 checks, 0 failed. --


---------------------------
---------- PASSED ---------
ran : 4
---------------------------
