------ RUNNING TESTS ------

---- suite1//MockTest1:0
(1) [ERROR] check_equal( 10, 20 ) -> true : failed.
---- failed : 1 checks, 1 failed.

---- suite1//MockTest4:1
---- passed : 1 checks, 0 failed.

---- suite2:0//MockTest1:1
---- passed : 1 checks, 0 failed.

---- suite2:0//MockTest2:0
(1) [ERROR] check_equal( 10, 20 ) -> true : failed.
---- failed : 1 checks, 1 failed.

---- suite2:0//MockTest3:0
(1) [ERROR] check_equal( 10, 20 ) -> true : failed.
---- failed : 1 checks, 1 failed.

---- suite2:10//MockTest11:1
---- passed : 1 checks, 0 failed.

---- suite2:10//MockTest12:0
(1) [ERROR] check_equal( 10, 20 ) -> true : failed.
---- failed : 1 checks, 1 failed.

---- suite2:10//MockTest13:0
(1) [ERROR] check_equal( 10, 20 ) -> true : failed.
---- failed : 1 checks, 1 failed.

---- suite2:20//MockTest21:1
---- passed : 1 checks, 0 failed.

---- suite2:20//MockTest22:0
(1) [ERROR] check_equal( 10, 20 ) -> true : failed.
---- failed : 1 checks, 1 failed.

---- suite2:20//MockTest23:0
(1) [ERROR] check_equal( 10, 20 ) -> true : failed.
---- failed : 1 checks, 1 failed.

---- suite3//MockTest1:1
---- passed : 1 checks, 0 failed.

---- suite3//MockTest4:1
---- passed : 1 checks, 0 failed.

---------- FAILED ---------
ran : 13
failed : 7
