------ RUNNING TESTS ------

---- suite1//MockTest1:0
(1) [ERROR] expected check_equal( 10, 20 ) to succeed, but failed.
---- failed : out of 1 checks, 1 failed.

---- suite1//MockTest4:1
---- passed : out of 1 checks, 0 failed.

---- suite2:0//MockTest1:1
---- passed : out of 1 checks, 0 failed.

---- suite2:0//MockTest2:0
skipped.

---- suite2:0//MockTest3:0
skipped.

---- suite2:10//MockTest11:1
---- passed : out of 1 checks, 0 failed.

---- suite2:10//MockTest12:0
skipped.

---- suite2:10//MockTest13:0
skipped.

---- suite2:20//MockTest21:1
---- passed : out of 1 checks, 0 failed.

---- suite2:20//MockTest22:0
skipped.

---- suite2:20//MockTest23:0
skipped.

---- suite3//MockTest1:1
skipped.

---- suite3//MockTest4:1
skipped.

---------- FAILED ---------
ran : 5
failed : 1
skipped : 8
